// Jest Snapshot v1, https://goo.gl/fbAQLP

exports[`Reservation component should render with given state from Redux store 1`] = `
Object {
  "asFragment": [Function],
  "baseElement": <body>
    <div>
      <div
        class="my-reservation mt-3 justify-content-between"
      >
        <div
          class="reservation-image"
        >
          <img
            alt="Table 1"
            class="my-reservation-img"
            src="table1.jpg"
          />
        </div>
        <div
          class="ms-3 mt-3 reserve-list"
        >
          <ul
            class="reserved-items"
          >
            <li>
              <strong>
                City:
              </strong>
              <span>
                New York
              </span>
            </li>
            <li>
              <strong>
                Start Date:
              </strong>
              <span>
                2023-06-01
              </span>
            </li>
            <li>
              <strong>
                 End Date:
              </strong>
              <span>
                2023-06-03
              </span>
            </li>
            <li>
              <strong>
                Table Name:
              </strong>
              <span>
                Table 1
              </span>
            </li>
            <li>
              <strong>
                Table size:
              </strong>
              <span>
                4
              </span>
            </li>
          </ul>
          <div
            class=""
          >
            <button
              class="btn btn-danger mt-3"
              type="button"
            >
              Cancel reservation
            </button>
          </div>
        </div>
      </div>
    </div>
  </body>,
  "container": <div>
    <div
      class="my-reservation mt-3 justify-content-between"
    >
      <div
        class="reservation-image"
      >
        <img
          alt="Table 1"
          class="my-reservation-img"
          src="table1.jpg"
        />
      </div>
      <div
        class="ms-3 mt-3 reserve-list"
      >
        <ul
          class="reserved-items"
        >
          <li>
            <strong>
              City:
            </strong>
            <span>
              New York
            </span>
          </li>
          <li>
            <strong>
              Start Date:
            </strong>
            <span>
              2023-06-01
            </span>
          </li>
          <li>
            <strong>
               End Date:
            </strong>
            <span>
              2023-06-03
            </span>
          </li>
          <li>
            <strong>
              Table Name:
            </strong>
            <span>
              Table 1
            </span>
          </li>
          <li>
            <strong>
              Table size:
            </strong>
            <span>
              4
            </span>
          </li>
        </ul>
        <div
          class=""
        >
          <button
            class="btn btn-danger mt-3"
            type="button"
          >
            Cancel reservation
          </button>
        </div>
      </div>
    </div>
  </div>,
  "debug": [Function],
  "findAllByAltText": [Function],
  "findAllByDisplayValue": [Function],
  "findAllByLabelText": [Function],
  "findAllByPlaceholderText": [Function],
  "findAllByRole": [Function],
  "findAllByTestId": [Function],
  "findAllByText": [Function],
  "findAllByTitle": [Function],
  "findByAltText": [Function],
  "findByDisplayValue": [Function],
  "findByLabelText": [Function],
  "findByPlaceholderText": [Function],
  "findByRole": [Function],
  "findByTestId": [Function],
  "findByText": [Function],
  "findByTitle": [Function],
  "getAllByAltText": [Function],
  "getAllByDisplayValue": [Function],
  "getAllByLabelText": [Function],
  "getAllByPlaceholderText": [Function],
  "getAllByRole": [Function],
  "getAllByTestId": [Function],
  "getAllByText": [Function],
  "getAllByTitle": [Function],
  "getByAltText": [Function],
  "getByDisplayValue": [Function],
  "getByLabelText": [Function],
  "getByPlaceholderText": [Function],
  "getByRole": [Function],
  "getByTestId": [Function],
  "getByText": [Function],
  "getByTitle": [Function],
  "queryAllByAltText": [Function],
  "queryAllByDisplayValue": [Function],
  "queryAllByLabelText": [Function],
  "queryAllByPlaceholderText": [Function],
  "queryAllByRole": [Function],
  "queryAllByTestId": [Function],
  "queryAllByText": [Function],
  "queryAllByTitle": [Function],
  "queryByAltText": [Function],
  "queryByDisplayValue": [Function],
  "queryByLabelText": [Function],
  "queryByPlaceholderText": [Function],
  "queryByRole": [Function],
  "queryByTestId": [Function],
  "queryByText": [Function],
  "queryByTitle": [Function],
  "rerender": [Function],
  "unmount": [Function],
}
`;
